// Jest Snapshot v1, https://goo.gl/fbAQLP

exports[`Storybook Configuration it should create a storybook configuration and use react-vite framework with testing framework jest 1`] = `
"const config = {
  stories: ['../src/lib/**/*.stories.@(js|jsx|ts|tsx|mdx)'],
  addons: ['@storybook/addon-essentials'],
  framework: {
    name: '@storybook/react-vite',
    options: {
      builder: {
        viteConfigPath: '',
      },
    },
  },
};

export default config;

// To customize your Vite configuration you can use the viteFinal field.
// Check https://storybook.js.org/docs/react/builders/vite#configuration
// and https://nx.dev/packages/storybook/documents/custom-builder-configs
"
`;

exports[`Storybook Configuration it should create a storybook configuration and use react-vite framework with testing framework none 1`] = `
"const config = {
  stories: ['../src/lib/**/*.stories.@(js|jsx|ts|tsx|mdx)'],
  addons: ['@storybook/addon-essentials'],
  framework: {
    name: '@storybook/react-vite',
    options: {
      builder: {
        viteConfigPath: '',
      },
    },
  },
};

export default config;

// To customize your Vite configuration you can use the viteFinal field.
// Check https://storybook.js.org/docs/react/builders/vite#configuration
// and https://nx.dev/packages/storybook/documents/custom-builder-configs
"
`;

exports[`Storybook Configuration it should create a storybook configuration and use react-vite framework with testing framework vitest 1`] = `
"const config = {
  stories: ['../src/lib/**/*.stories.@(js|jsx|ts|tsx|mdx)'],
  addons: ['@storybook/addon-essentials'],
  framework: {
    name: '@storybook/react-vite',
    options: {
      builder: {
        viteConfigPath: '',
      },
    },
  },
};

export default config;

// To customize your Vite configuration you can use the viteFinal field.
// Check https://storybook.js.org/docs/react/builders/vite#configuration
// and https://nx.dev/packages/storybook/documents/custom-builder-configs
"
`;
